// Jest Snapshot v1, https://goo.gl/fbAQLP

exports[`Matches snapshot 1`] = `
<div
  data-testid="about-view"
  id="AboutView"
>
  <div
    data-testid="hero-image"
    id="hero-image"
    style={
      Object {
        "backgroundImage": "url(./img/about-hero-image.jpg)",
      }
    }
  />
  <div
    className="MuiContainer-root MuiContainer-maxWidthLg css-1oqqzyl-MuiContainer-root"
  >
    <h1
      className="MuiTypography-root MuiTypography-h1 css-gb9zyf-MuiTypography-root"
    >
      Bat + Bun
    </h1>
    <p>
      Bat + Bun (Bowl + Noodle) is offering the best Vietnamese cuisine located in Darlinghurst area. Here, you will be able to taste delicious pork belly, nicely cooked noodle salads, and other Vietnamese Street food. You will also hardly forget the delicious tea and sweet treats that you can order.
    </p>
    <div
      className="about-owner"
    >
      <p
        className="about-img"
      >
        <img
          alt="Bat + Bun owner"
          src="./img/owner.jpg"
        />
      </p>
      <p>
        We love to give the best service and the best quality of food for everyone. Fresh ingredients and selected quality herbs and spices are our secret in delivering the best flavour our food can offer. So, the next time you come to Darlinghurst, do not forget to say hi! We will be waiting for you with our delicious food in Bat + Bun...
      </p>
    </div>
  </div>
</div>
`;
